../Core/Src/main.c:69:6:map	24	static
../Core/Src/main.c:81:5:main	8	static
../Core/Src/main.c:132:6:SystemClock_Config	88	static
../Core/Src/main.c:180:13:MX_ADC1_Init	24	static
../Core/Src/main.c:241:13:MX_TIM2_Init	64	static
../Core/Src/main.c:302:13:MX_DMA_Init	16	static
../Core/Src/main.c:324:13:MX_GPIO_Init	24	static
../Core/Src/main.c:340:6:set_servo	16	static
../Core/Src/main.c:345:6:set_speed	16	static
../Core/Src/main.c:350:6:HAL_ADC_ConvCpltCallback	16	static
../Core/Src/main.c:360:6:Error_Handler	4	static,ignoring_inline_asm
