../Core/Src/main.c:71:6:map	24	static
../Core/Src/main.c:89:5:main	8	static
../Core/Src/main.c:146:6:SystemClock_Config	88	static
../Core/Src/main.c:194:13:MX_ADC1_Init	24	static
../Core/Src/main.c:255:13:MX_TIM2_Init	64	static
../Core/Src/main.c:316:13:MX_DMA_Init	16	static
../Core/Src/main.c:338:13:MX_GPIO_Init	24	static
../Core/Src/main.c:354:6:set_servo	16	static
../Core/Src/main.c:359:6:set_speed	16	static
../Core/Src/main.c:364:6:HAL_ADC_ConvCpltCallback	16	static
../Core/Src/main.c:381:6:Error_Handler	4	static,ignoring_inline_asm
